path:hsa00010;Glycolysis / Gluconeogenesis - Homo sapiens (human)
path:hsa00020;Citrate cycle (TCA cycle) - Homo sapiens (human)
path:hsa00030;Pentose phosphate pathway - Homo sapiens (human)
path:hsa00031;Inositol metabolism - Homo sapiens (human)
path:hsa00040;Pentose and glucuronate interconversions - Homo sapiens (human)
path:hsa00051;Fructose and mannose metabolism - Homo sapiens (human)
path:hsa00052;Galactose metabolism - Homo sapiens (human)
path:hsa00053;Ascorbate and aldarate metabolism - Homo sapiens (human)
path:hsa00061;Fatty acid biosynthesis - Homo sapiens (human)
path:hsa00062;Fatty acid elongation in mitochondria - Homo sapiens (human)
path:hsa00071;Fatty acid metabolism - Homo sapiens (human)
path:hsa00072;Synthesis and degradation of ketone bodies - Homo sapiens (human)
path:hsa00100;Biosynthesis of steroids - Homo sapiens (human)
path:hsa00120;Bile acid biosynthesis - Homo sapiens (human)
path:hsa00130;Ubiquinone biosynthesis - Homo sapiens (human)
path:hsa00140;C21-Steroid hormone metabolism - Homo sapiens (human)
path:hsa00150;Androgen and estrogen metabolism - Homo sapiens (human)
path:hsa00190;Oxidative phosphorylation - Homo sapiens (human)
path:hsa00220;Urea cycle and metabolism of amino groups - Homo sapiens (human)
path:hsa00230;Purine metabolism - Homo sapiens (human)
path:hsa00240;Pyrimidine metabolism - Homo sapiens (human)
path:hsa00251;Glutamate metabolism - Homo sapiens (human)
path:hsa00252;Alanine and aspartate metabolism - Homo sapiens (human)
path:hsa00260;Glycine, serine and threonine metabolism - Homo sapiens (human)
path:hsa00271;Methionine metabolism - Homo sapiens (human)
path:hsa00272;Cysteine metabolism - Homo sapiens (human)
path:hsa00280;Valine, leucine and isoleucine degradation - Homo sapiens (human)
path:hsa00290;Valine, leucine and isoleucine biosynthesis - Homo sapiens (human)
path:hsa00300;Lysine biosynthesis - Homo sapiens (human)
path:hsa00310;Lysine degradation - Homo sapiens (human)
path:hsa00330;Arginine and proline metabolism - Homo sapiens (human)
path:hsa00340;Histidine metabolism - Homo sapiens (human)
path:hsa00350;Tyrosine metabolism - Homo sapiens (human)
path:hsa00351;1,1,1-Trichloro-2,2-bis(4-chlorophenyl)ethane (DDT) degradation - Homo sapiens (human)
path:hsa00360;Phenylalanine metabolism - Homo sapiens (human)
path:hsa00361;gamma-Hexachlorocyclohexane degradation - Homo sapiens (human)
path:hsa00362;Benzoate degradation via hydroxylation - Homo sapiens (human)
path:hsa00363;Bisphenol A degradation - Homo sapiens (human)
path:hsa00380;Tryptophan metabolism - Homo sapiens (human)
path:hsa00400;Phenylalanine, tyrosine and tryptophan biosynthesis - Homo sapiens (human)
path:hsa00401;Novobiocin biosynthesis - Homo sapiens (human)
path:hsa00410;beta-Alanine metabolism - Homo sapiens (human)
path:hsa00430;Taurine and hypotaurine metabolism - Homo sapiens (human)
path:hsa00440;Aminophosphonate metabolism - Homo sapiens (human)
path:hsa00450;Selenoamino acid metabolism - Homo sapiens (human)
path:hsa00460;Cyanoamino acid metabolism - Homo sapiens (human)
path:hsa00471;D-Glutamine and D-glutamate metabolism - Homo sapiens (human)
path:hsa00472;D-Arginine and D-ornithine metabolism - Homo sapiens (human)
path:hsa00480;Glutathione metabolism - Homo sapiens (human)
path:hsa00500;Starch and sucrose metabolism - Homo sapiens (human)
path:hsa00510;N-Glycan biosynthesis - Homo sapiens (human)
path:hsa00511;N-Glycan degradation - Homo sapiens (human)
path:hsa00512;O-Glycan biosynthesis - Homo sapiens (human)
path:hsa00520;Nucleotide sugars metabolism - Homo sapiens (human)
path:hsa00521;Streptomycin biosynthesis - Homo sapiens (human)
path:hsa00530;Aminosugars metabolism - Homo sapiens (human)
path:hsa00531;Glycosaminoglycan degradation - Homo sapiens (human)
path:hsa00532;Chondroitin sulfate biosynthesis - Homo sapiens (human)
path:hsa00533;Keratan sulfate biosynthesis - Homo sapiens (human)
path:hsa00534;Heparan sulfate biosynthesis - Homo sapiens (human)
path:hsa00550;Peptidoglycan biosynthesis - Homo sapiens (human)
path:hsa00561;Glycerolipid metabolism - Homo sapiens (human)
path:hsa00562;Inositol phosphate metabolism - Homo sapiens (human)
path:hsa00563;Glycosylphosphatidylinositol(GPI)-anchor biosynthesis - Homo sapiens (human)
path:hsa00564;Glycerophospholipid metabolism - Homo sapiens (human)
path:hsa00565;Ether lipid metabolism - Homo sapiens (human)
path:hsa00590;Arachidonic acid metabolism - Homo sapiens (human)
path:hsa00591;Linoleic acid metabolism - Homo sapiens (human)
path:hsa00600;Sphingolipid metabolism - Homo sapiens (human)
path:hsa00601;Glycosphingolipid biosynthesis - lactoseries - Homo sapiens (human)
path:hsa00602;Glycosphingolipid biosynthesis - neo-lactoseries - Homo sapiens (human)
path:hsa00603;Glycosphingolipid biosynthesis - globoseries - Homo sapiens (human)
path:hsa00604;Glycosphingolipid biosynthesis - ganglioseries - Homo sapiens (human)
path:hsa00620;Pyruvate metabolism - Homo sapiens (human)
path:hsa00623;2,4-Dichlorobenzoate degradation - Homo sapiens (human)
path:hsa00624;1- and 2-Methylnaphthalene degradation - Homo sapiens (human)
path:hsa00625;Tetrachloroethene degradation - Homo sapiens (human)
path:hsa00626;Nitrobenzene degradation - Homo sapiens (human)
path:hsa00627;1,4-Dichlorobenzene degradation - Homo sapiens (human)
path:hsa00628;Fluorene degradation - Homo sapiens (human)
path:hsa00629;Carbazole degradation - Homo sapiens (human)
path:hsa00630;Glyoxylate and dicarboxylate metabolism - Homo sapiens (human)
path:hsa00632;Benzoate degradation via CoA ligation - Homo sapiens (human)
path:hsa00640;Propanoate metabolism - Homo sapiens (human)
path:hsa00642;Ethylbenzene degradation - Homo sapiens (human)
path:hsa00643;Styrene degradation - Homo sapiens (human)
path:hsa00650;Butanoate metabolism - Homo sapiens (human)
path:hsa00660;C5-Branched dibasic acid metabolism - Homo sapiens (human)
path:hsa00670;One carbon pool by folate - Homo sapiens (human)
path:hsa00680;Methane metabolism - Homo sapiens (human)
path:hsa00710;Carbon fixation - Homo sapiens (human)
path:hsa00720;Reductive carboxylate cycle (CO2 fixation) - Homo sapiens (human)
path:hsa00730;Thiamine metabolism - Homo sapiens (human)
path:hsa00740;Riboflavin metabolism - Homo sapiens (human)
path:hsa00750;Vitamin B6 metabolism - Homo sapiens (human)
path:hsa00760;Nicotinate and nicotinamide metabolism - Homo sapiens (human)
path:hsa00770;Pantothenate and CoA biosynthesis - Homo sapiens (human)
path:hsa00780;Biotin metabolism - Homo sapiens (human)
path:hsa00790;Folate biosynthesis - Homo sapiens (human)
path:hsa00791;Atrazine degradation - Homo sapiens (human)
path:hsa00830;Retinol metabolism - Homo sapiens (human)
path:hsa00860;Porphyrin and chlorophyll metabolism - Homo sapiens (human)
path:hsa00900;Terpenoid biosynthesis - Homo sapiens (human)
path:hsa00902;Monoterpenoid biosynthesis - Homo sapiens (human)
path:hsa00903;Limonene and pinene degradation - Homo sapiens (human)
path:hsa00904;Diterpenoid biosynthesis - Homo sapiens (human)
path:hsa00910;Nitrogen metabolism - Homo sapiens (human)
path:hsa00920;Sulfur metabolism - Homo sapiens (human)
path:hsa00930;Caprolactam degradation - Homo sapiens (human)
path:hsa00940;Stilbene, coumarine and lignin biosynthesis - Homo sapiens (human)
path:hsa00950;Alkaloid biosynthesis I - Homo sapiens (human)
path:hsa00960;Alkaloid biosynthesis II - Homo sapiens (human)
path:hsa00970;Aminoacyl-tRNA biosynthesis - Homo sapiens (human)
path:hsa00980;Metabolism of xenobiotics by cytochrome P450 - Homo sapiens (human)
path:hsa01030;Glycan structures - biosynthesis 1 - Homo sapiens (human)
path:hsa01031;Glycan structures - biosynthesis 2 - Homo sapiens (human)
path:hsa01032;Glycan structures - degradation - Homo sapiens (human)
path:hsa01430;Cell Communication - Homo sapiens (human)
path:hsa01510;Neurodegenerative Disorders - Homo sapiens (human)
path:hsa02010;ABC transporters - General - Homo sapiens (human)
path:hsa03010;Ribosome - Homo sapiens (human)
path:hsa03020;RNA polymerase - Homo sapiens (human)
path:hsa03022;Basal transcription factors - Homo sapiens (human)
path:hsa03030;DNA polymerase - Homo sapiens (human)
path:hsa03050;Proteasome - Homo sapiens (human)
path:hsa03060;Protein export - Homo sapiens (human)
path:hsa03320;PPAR signaling pathway - Homo sapiens (human)
path:hsa04010;MAPK signaling pathway - Homo sapiens (human)
path:hsa04020;Calcium signaling pathway - Homo sapiens (human)
path:hsa04060;Cytokine-cytokine receptor interaction - Homo sapiens (human)
path:hsa04070;Phosphatidylinositol signaling system - Homo sapiens (human)
path:hsa04080;Neuroactive ligand-receptor interaction - Homo sapiens (human)
path:hsa04110;Cell cycle - Homo sapiens (human)
path:hsa04120;Ubiquitin mediated proteolysis - Homo sapiens (human)
path:hsa04130;SNARE interactions in vesicular transport - Homo sapiens (human)
path:hsa04140;Regulation of autophagy - Homo sapiens (human)
path:hsa04150;mTOR signaling pathway - Homo sapiens (human)
path:hsa04210;Apoptosis - Homo sapiens (human)
path:hsa04310;Wnt signaling pathway - Homo sapiens (human)
path:hsa04320;Dorso-ventral axis formation - Homo sapiens (human)
path:hsa04330;Notch signaling pathway - Homo sapiens (human)
path:hsa04340;Hedgehog signaling pathway - Homo sapiens (human)
path:hsa04350;TGF-beta signaling pathway - Homo sapiens (human)
path:hsa04360;Axon guidance - Homo sapiens (human)
path:hsa04370;VEGF signaling pathway - Homo sapiens (human)
path:hsa04510;Focal adhesion - Homo sapiens (human)
path:hsa04512;ECM-receptor interaction - Homo sapiens (human)
path:hsa04514;Cell adhesion molecules (CAMs) - Homo sapiens (human)
path:hsa04520;Adherens junction - Homo sapiens (human)
path:hsa04530;Tight junction - Homo sapiens (human)
path:hsa04540;Gap junction - Homo sapiens (human)
path:hsa04610;Complement and coagulation cascades - Homo sapiens (human)
path:hsa04612;Antigen processing and presentation - Homo sapiens (human)
path:hsa04620;Toll-like receptor signaling pathway - Homo sapiens (human)
path:hsa04630;Jak-STAT signaling pathway - Homo sapiens (human)
path:hsa04640;Hematopoietic cell lineage - Homo sapiens (human)
path:hsa04650;Natural killer cell mediated cytotoxicity - Homo sapiens (human)
path:hsa04660;T cell receptor signaling pathway - Homo sapiens (human)
path:hsa04662;B cell receptor signaling pathway - Homo sapiens (human)
path:hsa04664;Fc epsilon RI signaling pathway - Homo sapiens (human)
path:hsa04670;Leukocyte transendothelial migration - Homo sapiens (human)
path:hsa04710;Circadian rhythm - Homo sapiens (human)
path:hsa04720;Long-term potentiation - Homo sapiens (human)
path:hsa04730;Long-term depression - Homo sapiens (human)
path:hsa04740;Olfactory transduction - Homo sapiens (human)
path:hsa04742;Taste transduction - Homo sapiens (human)
path:hsa04810;Regulation of actin cytoskeleton - Homo sapiens (human)
path:hsa04910;Insulin signaling pathway - Homo sapiens (human)
path:hsa04912;GnRH signaling pathway - Homo sapiens (human)
path:hsa04920;Adipocytokine signaling pathway - Homo sapiens (human)
path:hsa04930;Type II diabetes mellitus - Homo sapiens (human)
path:hsa04940;Type I diabetes mellitus - Homo sapiens (human)
path:hsa04950;Maturity onset diabetes of the young - Homo sapiens (human)
path:hsa05010;Alzheimer's disease - Homo sapiens (human)
path:hsa05020;Parkinson's disease - Homo sapiens (human)
path:hsa05030;Amyotrophic lateral sclerosis (ALS) - Homo sapiens (human)
path:hsa05040;Huntington's disease - Homo sapiens (human)
path:hsa05050;Dentatorubropallidoluysian atrophy (DRPLA) - Homo sapiens (human)
path:hsa05060;Prion disease - Homo sapiens (human)
path:hsa05110;Cholera - Infection - Homo sapiens (human)
path:hsa05120;Epithelial cell signaling in Helicobacter pylori infection - Homo sapiens (human)
path:hsa05130;Pathogenic Escherichia coli infection - EHEC - Homo sapiens (human)
path:hsa05131;Pathogenic Escherichia coli infection - EPEC - Homo sapiens (human)
path:hsa05210;Colorectal cancer - Homo sapiens (human)
path:hsa05212;Pancreatic cancer - Homo sapiens (human)
path:hsa05214;Glioma - Homo sapiens (human)
path:hsa05216;Thyroid cancer - Homo sapiens (human)
path:hsa05220;Chronic myeloid leukemia - Homo sapiens (human)
